JAPAN                     JORDAN                    1995.00                5305173396.61          
JAPAN                     JORDAN                    1996.00                5313757377.08          
JORDAN                    JAPAN                     1995.00                5260530157.09          
JORDAN                    JAPAN                     1996.00                5265589084.97          
