ALGERIA                   1998.00                2314640677.53          
ALGERIA                   1997.00                3927854587.04          
ALGERIA                   1996.00                3948079028.20          
ALGERIA                   1995.00                3946623189.92          
ALGERIA                   1994.00                3941732835.96          
ALGERIA                   1993.00                3959246229.51          
ALGERIA                   1992.00                3953347384.79          
ARGENTINA                 1998.00                2279808324.42          
ARGENTINA                 1997.00                3905928239.84          
ARGENTINA                 1996.00                3927688755.08          
ARGENTINA                 1995.00                3909051888.90          
ARGENTINA                 1994.00                3890788895.62          
ARGENTINA                 1993.00                3891367224.14          
ARGENTINA                 1992.00                3914592632.96          
BRAZIL                    1998.00                2319815799.26          
BRAZIL                    1997.00                3970265438.69          
BRAZIL                    1996.00                3977729844.05          
BRAZIL                    1995.00                3976643044.99          
BRAZIL                    1994.00                3940951613.63          
BRAZIL                    1993.00                3978597606.37          
BRAZIL                    1992.00                3977859299.42          
CANADA                    1998.00                2311185420.87          
CANADA                    1997.00                3949616461.15          
CANADA                    1996.00                3958497909.96          
CANADA                    1995.00                3941412187.63          
CANADA                    1994.00                3943802997.34          
CANADA                    1993.00                3935505473.83          
CANADA                    1992.00                3935259635.74          
CHINA                     1998.00                2294930839.42          
CHINA                     1997.00                3932866981.05          
CHINA                     1996.00                3954112306.17          
CHINA                     1995.00                3915804521.12          
CHINA                     1994.00                3907913746.94          
CHINA                     1993.00                3913264659.93          
CHINA                     1992.00                3943470413.14          
EGYPT                     1998.00                2294537691.15          
EGYPT                     1997.00                3916481979.41          
EGYPT                     1996.00                3924454881.62          
EGYPT                     1995.00                3910259692.79          
EGYPT                     1994.00                3910843829.00          
EGYPT                     1993.00                3912575362.48          
EGYPT                     1992.00                3913371185.30          
ETHIOPIA                  1998.00                2336148482.67          
ETHIOPIA                  1997.00                3989471922.23          
ETHIOPIA                  1996.00                4002649812.47          
ETHIOPIA                  1995.00                3971831963.35          
ETHIOPIA                  1994.00                3958062158.57          
ETHIOPIA                  1993.00                3982838261.46          
ETHIOPIA                  1992.00                3976937924.56          
FRANCE                    1998.00                2309245035.57          
FRANCE                    1997.00                3938175243.28          
FRANCE                    1996.00                3965147496.80          
FRANCE                    1995.00                3944379073.26          
FRANCE                    1994.00                3933546434.88          
FRANCE                    1993.00                3932660016.81          
FRANCE                    1992.00                3960942750.83          
GERMANY                   1998.00                2324635216.63          
GERMANY                   1997.00                3940652110.90          
GERMANY                   1996.00                3960927532.48          
GERMANY                   1995.00                3947966568.14          
GERMANY                   1994.00                3948591345.47          
GERMANY                   1993.00                3953545267.84          
GERMANY                   1992.00                3960329351.04          
INDIA                     1998.00                2304936095.70          
INDIA                     1997.00                3932684000.03          
INDIA                     1996.00                3929673481.03          
INDIA                     1995.00                3910959260.35          
INDIA                     1994.00                3939684582.13          
INDIA                     1993.00                3926656852.22          
INDIA                     1992.00                3928604159.25          
INDONESIA                 1998.00                2294134168.89          
INDONESIA                 1997.00                3876347355.45          
INDONESIA                 1996.00                3904330170.29          
INDONESIA                 1995.00                3903910529.57          
INDONESIA                 1994.00                3903701121.66          
INDONESIA                 1993.00                3900514444.23          
INDONESIA                 1992.00                3907689849.93          
IRAN                      1998.00                2300168343.21          
IRAN                      1997.00                3928833653.40          
IRAN                      1996.00                3927055613.95          
IRAN                      1995.00                3925751374.29          
IRAN                      1994.00                3939117034.50          
IRAN                      1993.00                3924909876.77          
IRAN                      1992.00                3934889274.29          
IRAQ                      1998.00                2294624597.60          
IRAQ                      1997.00                3933355482.58          
IRAQ                      1996.00                3923262409.66          
IRAQ                      1995.00                3923755021.33          
IRAQ                      1994.00                3894162780.43          
IRAQ                      1993.00                3883853359.12          
IRAQ                      1992.00                3928859205.06          
JAPAN                     1998.00                2293997784.79          
JAPAN                     1997.00                3904132487.61          
JAPAN                     1996.00                3934132440.74          
JAPAN                     1995.00                3905742331.03          
JAPAN                     1994.00                3906254160.94          
JAPAN                     1993.00                3891372961.53          
JAPAN                     1992.00                3926546265.29          
JORDAN                    1998.00                2305369235.81          
JORDAN                    1997.00                3919004500.32          
JORDAN                    1996.00                3958438910.28          
JORDAN                    1995.00                3935531279.40          
JORDAN                    1994.00                3935004561.55          
JORDAN                    1993.00                3949157804.64          
JORDAN                    1992.00                3936257173.85          
KENYA                     1998.00                2291081182.99          
KENYA                     1997.00                3886270385.91          
KENYA                     1996.00                3906979367.70          
KENYA                     1995.00                3916952092.28          
KENYA                     1994.00                3908596382.64          
KENYA                     1993.00                3897635236.00          
KENYA                     1992.00                3914209984.73          
MOROCCO                   1998.00                2314200315.97          
MOROCCO                   1997.00                3964009115.21          
MOROCCO                   1996.00                3978949205.81          
MOROCCO                   1995.00                3977194492.39          
MOROCCO                   1994.00                3936460058.00          
MOROCCO                   1993.00                3955737123.28          
MOROCCO                   1992.00                3975363554.59          
MOZAMBIQUE                1998.00                2306696154.90          
MOZAMBIQUE                1997.00                3919134368.56          
MOZAMBIQUE                1996.00                3919117369.32          
MOZAMBIQUE                1995.00                3912023144.24          
MOZAMBIQUE                1994.00                3906246544.78          
MOZAMBIQUE                1993.00                3933602832.82          
MOZAMBIQUE                1992.00                3940719968.53          
PERU                      1998.00                2301759203.95          
PERU                      1997.00                3911044149.01          
PERU                      1996.00                3916912930.56          
PERU                      1995.00                3888948983.55          
PERU                      1994.00                3892957616.22          
PERU                      1993.00                3893597300.01          
PERU                      1992.00                3916665071.48          
ROMANIA                   1998.00                2304524314.68          
ROMANIA                   1997.00                3945157967.26          
ROMANIA                   1996.00                3945404382.47          
ROMANIA                   1995.00                3952649015.58          
ROMANIA                   1994.00                3948561521.08          
ROMANIA                   1993.00                3940815892.66          
ROMANIA                   1992.00                3943994835.22          
RUSSIA                    1998.00                2313856351.10          
RUSSIA                    1997.00                3939980145.12          
RUSSIA                    1996.00                3957374921.59          
RUSSIA                    1995.00                3920966087.12          
RUSSIA                    1994.00                3927097494.42          
RUSSIA                    1993.00                3926970379.89          
RUSSIA                    1992.00                3923521997.47          
SAUDI ARABIA              1998.00                2303432695.33          
SAUDI ARABIA              1997.00                3932163155.65          
SAUDI ARABIA              1996.00                3946407629.99          
SAUDI ARABIA              1995.00                3933582368.01          
SAUDI ARABIA              1994.00                3916239910.90          
SAUDI ARABIA              1993.00                3942368058.07          
SAUDI ARABIA              1992.00                3929385981.04          
UNITED KINGDOM            1998.00                2324775252.91          
UNITED KINGDOM            1997.00                3964117724.79          
UNITED KINGDOM            1996.00                3957914623.14          
UNITED KINGDOM            1995.00                3983713805.65          
UNITED KINGDOM            1994.00                3974397504.47          
UNITED KINGDOM            1993.00                3958912779.15          
UNITED KINGDOM            1992.00                3980142555.63          
UNITED STATES             1998.00                2301149275.07          
UNITED STATES             1997.00                3931091699.10          
UNITED STATES             1996.00                3932554589.24          
UNITED STATES             1995.00                3949209615.03          
UNITED STATES             1994.00                3945420341.91          
UNITED STATES             1993.00                3930789299.83          
UNITED STATES             1992.00                3959689495.78          
VIETNAM                   1998.00                2309377727.84          
VIETNAM                   1997.00                3914763532.03          
VIETNAM                   1996.00                3921142621.33          
VIETNAM                   1995.00                3917414252.22          
VIETNAM                   1994.00                3954777774.93          
VIETNAM                   1993.00                3935481127.76          
VIETNAM                   1992.00                3926100465.05          
