0.00                   5000182.00             
10.00                  676585.00              
9.00                   663953.00              
11.00                  633223.00              
8.00                   590263.00              
12.00                  563258.00              
13.00                  494424.00              
19.00                  476411.00              
18.00                  469694.00              
20.00                  466312.00              
7.00                   464423.00              
17.00                  449772.00              
14.00                  444903.00              
21.00                  434922.00              
16.00                  431125.00              
15.00                  424296.00              
22.00                  387685.00              
23.00                  331166.00              
6.00                   318810.00              
24.00                  269619.00              
25.00                  209881.00              
5.00                   186576.00              
26.00                  156539.00              
27.00                  112273.00              
4.00                   89845.00               
28.00                  77708.00               
29.00                  51285.00               
3.00                   34711.00               
30.00                  32272.00               
31.00                  19947.00               
32.00                  11747.00               
2.00                   10025.00               
33.00                  6634.00                
34.00                  3576.00                
35.00                  2002.00                
1.00                   1848.00                
36.00                  1073.00                
37.00                  545.00                 
38.00                  264.00                 
39.00                  126.00                 
40.00                  48.00                  
41.00                  25.00                  
42.00                  17.00                  
43.00                  4.00                   
44.00                  3.00                   
